2026-07-07 — #79 — Give links meaningful, distinguishable text — (1 of 365 this cycle)
2026-07-08 — #180 — Handle math and complex content that Google can't tag — (2 of 365 this cycle)
2026-07-09 — #160 — Document the workbook's structure — (3 of 365 this cycle)
2026-07-10 — #358 — Voice control needs the name it can see to match the name it can say — (4 of 365 this cycle)
2026-07-11 — #148 — Set the print and reading area — (5 of 365 this cycle)
2026-07-12 — #233 — Test with both keyboard and a screen reader — (6 of 365 this cycle)
2026-07-13 — #362 — Keyboard-only users need to see where focus is — (7 of 365 this cycle)
2026-07-14 — #268 — Handle multi-level column headers — (8 of 365 this cycle)
2026-07-15 — #197 — Embed fonts without breaking text integrity — (9 of 365 this cycle)
2026-07-16 — #191 — Define landmarks in the navigation document — (10 of 365 this cycle)
2026-07-17 — #52 — Start from an accessible template — (11 of 365 this cycle)
2026-07-18 — #19 — Libraries and their databases are in scope — (12 of 365 this cycle)
2026-07-19 — #78 — Tag links as Link with an OBJR — (13 of 365 this cycle)
2026-07-20 — #344 — Write a repeatable remediation-QA checklist — (14 of 365 this cycle)
2026-07-21 — #343 — Test dynamic states, not just page load — (15 of 365 this cycle)
2026-07-22 — #5 — Section 504 deadlines also shifted - and still don't pause suits — (16 of 365 this cycle)
2026-07-23 — #317 — Do not auto-play audio — (17 of 365 this cycle)
2026-07-24 — #189 — Keep a correct heading hierarchy in every document — (18 of 365 this cycle)
2026-07-25 — #320 — Caption meaningful sound effects and music — (19 of 365 this cycle)
2026-07-26 — #353 — Link text has to make sense out of context — (20 of 365 this cycle)
2026-07-27 — #287 — Confirm successful submission accessibly — (21 of 365 this cycle)
2026-07-28 — #289 — Label custom widgets with correct ARIA roles — (22 of 365 this cycle)
2026-07-29 — #239 — Drop "image of" and "graphic of" from alt text — (23 of 365 this cycle)
2026-07-30 — #223 — Respect reduced motion and limit interaction animation — (24 of 365 this cycle)
2026-07-31 — #216 — Identify form errors in text — (25 of 365 this cycle)
2026-08-01 — #96 — Handle Excel exports carefully — (26 of 365 this cycle)
2026-08-02 — #336 — Build a keyboard-only test pass — (27 of 365 this cycle)
2026-08-03 — #17 — Special districts have their own clock and obligations — (28 of 365 this cycle)
2026-08-04 — #341 — Do not trust contrast plugins on gradients and images — (29 of 365 this cycle)
2026-08-05 — #120 — Mark purely decorative graphics as decorative — (30 of 365 this cycle)
2026-08-06 — #209 — Meet non-text contrast for UI and graphics — (31 of 365 this cycle)
2026-08-07 — #222 — Let users pause, stop, or hide motion — (32 of 365 this cycle)
2026-08-08 — #153 — Ensure sufficient contrast in cells — (33 of 365 this cycle)
2026-08-09 — #102 — Add alt text via InDesign Object Export Options — (34 of 365 this cycle)
2026-08-10 — #27 — Use built-in Heading styles, not manual formatting — (35 of 365 this cycle)
2026-08-11 — #339 — Use VoiceOver and the rotor on Apple platforms — (36 of 365 this cycle)
2026-08-12 — #259 — Tell a data table apart from a layout table — (37 of 365 this cycle)
2026-08-13 — #198 — Declare language so speech is pronounced correctly — (38 of 365 this cycle)
2026-08-14 — #285 — Build accessible date pickers — (39 of 365 this cycle)
2026-08-15 — #300 — Never rely on color alone — (40 of 365 this cycle)
2026-08-16 — #166 — Write meaningful link text with the Google Docs link chooser — (41 of 365 this cycle)
2026-08-17 — #242 — Avoid double announcements when an image sits inside a link — (42 of 365 this cycle)
2026-08-18 — #85 — Validate beyond Acrobat with PAC — (43 of 365 this cycle)
2026-08-19 — #218 — Announce status messages with live regions — (44 of 365 this cycle)
2026-08-20 — #43 — Run the built-in Accessibility Checker before exporting — (45 of 365 this cycle)
2026-08-21 — #14 — Bake accessibility into procurement language — (46 of 365 this cycle)
2026-08-22 — #192 — Mark up tables with real header semantics — (47 of 365 this cycle)
2026-08-23 — #304 — Test dark mode as its own theme — (48 of 365 this cycle)
2026-08-24 — #237 — Mark decorative images so assistive tech skips them — (49 of 365 this cycle)
2026-08-25 — #20 — PDF/UA supports WCAG but isn't the legal standard itself — (50 of 365 this cycle)
2026-08-26 — #267 — Provide a summary for complex tables — (51 of 365 this cycle)
2026-08-27 — #298 — Give UI components 3:1 contrast — (52 of 365 this cycle)
